:40970_ToolbarItem	{container=':Save OpenStudio Model_Toolbar_2' id='40970' type='ToolbarItem'}
:50001_ToolbarItem	{container=':_Toolbar' id='50001' type='ToolbarItem'}
:50002_ToolbarItem	{container=':_Toolbar' id='50002' type='ToolbarItem'}
:50004_ToolbarItem	{container=':_Toolbar' id='50004' type='ToolbarItem'}
:C Drive (C:).‎41%_ListViewItem	{container=':C Drive (C:)_ListViewItem_2' text='‎41%' type='ListViewItem'}
:C Drive (C:)_ListViewItem	{container=':Open OpenStudio Model File_ListView' text='C Drive (C:)' type='ListViewItem'}
:C Drive (C:)_ListViewItem_2	{container=':Save OpenStudio Model_ListView' text='C Drive (C:)' type='ListViewItem'}
:Computer_ToolbarItem	{container=':Open OpenStudio Model File_Toolbar' text='Computer' type='ToolbarItem'}
:Computer_ToolbarItem_2	{container=':Save OpenStudio Model_Toolbar' text='Computer' type='ToolbarItem'}
:Confirm Save As.No_Button	{container=':Confirm Save As_Dialog' text='No' type='Button'}
:Confirm Save As.Yes_Button	{container=':Confirm Save As_Dialog' text='Yes' type='Button'}
:Confirm Save As_Dialog	{text='Confirm Save As' type='Dialog'}
:Dialog_0.Edit_0	Dialog_0.Edit_0
:Dialog_0.Edit_1	Dialog_0.Edit_1
:File.Exit_MenuItem	{container=':File_MenuItem' text='Exit' type='MenuItem'}
:File.New_MenuItem	{container=':File_MenuItem' text='New' type='MenuItem'}
:File_MenuItem	{container=':Untitled - SketchUp Pro_MenuBar' text='File' type='MenuItem'}
:Open OpenStudio Model File.Cancel_Button	{container=':Open OpenStudio Model File_Dialog' text='Cancel' type='Button'}
:Open OpenStudio Model File.Open_Button	{container=':Open OpenStudio Model File_Dialog' text='Open' type='Button'}
:Open OpenStudio Model File_ComboBox	{container=':Open OpenStudio Model File_Dialog' type='ComboBox'}
:Open OpenStudio Model File_Dialog	{text='Open OpenStudio Model File' type='Dialog'}
:Open OpenStudio Model File_ListView	{container=':Open OpenStudio Model File_Dialog' type='ListView'}
:Open OpenStudio Model File_Toolbar	{container=':Open OpenStudio Model File_Dialog' occurrence='2' type='Toolbar'}
:Plugins.OpenStudio_MenuItem	{container=':Plugins_MenuItem' text='OpenStudio' type='MenuItem'}
:Plugins_MenuItem	{container=':Untitled - SketchUp Pro_MenuBar' text='Plugins' type='MenuItem'}
:Ruby Console_Dialog	{text='Ruby Console' type='Dialog'}
:Ruby Console_Edit	{container=':Ruby Console_Dialog' occurrence='2' type='Edit'}
:Save As.Save_Button	{container=':Save As_Dialog' text='Save' type='Button'}
:Save As_Dialog	{text='Save As' type='Dialog'}
:Save OpenStudio Model.Cancel_Button	{container=':Save OpenStudio Model_Dialog' text='Cancel' type='Button'}
:Save OpenStudio Model.Save_Button	{container=':Save OpenStudio Model_Dialog' text='Save' type='Button'}
:Save OpenStudio Model_Dialog	{text='Save OpenStudio Model' type='Dialog'}
:Save OpenStudio Model_Edit	{container=':Save OpenStudio Model_Dialog' type='Edit'}
:Save OpenStudio Model_ListView	{container=':Save OpenStudio Model_Dialog' type='ListView'}
:Save OpenStudio Model_Toolbar	{container=':Save OpenStudio Model_Dialog' occurrence='2' type='Toolbar'}
:Save OpenStudio Model_Toolbar_2	{container=':Save OpenStudio Model_Dialog' type='Toolbar'}
:SketchUp.Cancel_Button	{container=':SketchUp_Dialog' text='Cancel' type='Button'}
:SketchUp.No_Button	{container=':SketchUp_Dialog' text='No' type='Button'}
:SketchUp.Yes_Button	{container=':SketchUp_Dialog' text='Yes' type='Button'}
:SketchUp_Dialog	{text='SketchUp' type='Dialog'}
:Untitled - SketchUp Pro_MenuBar	{container=':Untitled - SketchUp Pro_Window' type='MenuBar'}
:Untitled - SketchUp Pro_StatusBar	{container=':Untitled - SketchUp Pro_Window' type='StatusBar'}
:Untitled - SketchUp Pro_Window	{text='Untitled - SketchUp Pro' type='Window'}
:Untitled - SketchUp Pro_WindowsControl	{class='AfxControlBar80u' container=':Untitled - SketchUp Pro_Window' type='WindowsControl'}
:Untitled - SketchUp Pro_WindowsControl_2	{class='AfxFrameOrView80u' container=':Untitled - SketchUp Pro_Window' type='WindowsControl'}
:Untitled.skp - SketchUp Pro_Window	{text='Untitled.skp - SketchUp Pro' type='Window'}
:Window_MenuItem	{container=':Untitled - SketchUp Pro_MenuBar' text='Window' type='MenuItem'}
:_Edit	{aboveObject=':Ruby Console_Edit' type='Edit'}
:_Toolbar	{container=':Untitled - SketchUp Pro_WindowsControl' occurrence='7' type='Toolbar'}
:files_ListViewItem	{container=':Save OpenStudio Model_ListView' text='files' type='ListViewItem'}
:files_ListViewItem_2	{container=':Open OpenStudio Model File_ListView' text='files' type='ListViewItem'}
:openstudioTrunk_ListViewItem	{container=':Open OpenStudio Model File_ListView' text='openstudioTrunk' type='ListViewItem'}
:resources_ListViewItem	{container=':Open OpenStudio Model File_ListView' text='resources' type='ListViewItem'}
:squishTests_ListViewItem	{container=':Save OpenStudio Model_ListView' text='squishTests' type='ListViewItem'}
:squishTests_ListViewItem_2	{container=':Open OpenStudio Model File_ListView' text='squishTests' type='ListViewItem'}
:suite_fileoperations_ListViewItem	{container=':Save OpenStudio Model_ListView' text='suite_fileoperations' type='ListViewItem'}
:suite_fileoperations_ListViewItem_2	{container=':Open OpenStudio Model File_ListView' text='suite_fileoperations' type='ListViewItem'}
:working_ListViewItem	{container=':Open OpenStudio Model File_ListView' text='working' type='ListViewItem'}
:working_ListViewItem_2	{container=':Save OpenStudio Model_ListView' text='working' type='ListViewItem'}
