:21022_ToolbarItem	{container=':_Toolbar_2' id='21022' type='ToolbarItem'}
:21022_ToolbarItem_2	{container=':_Toolbar_4' id='21022' type='ToolbarItem'}
:21041_ToolbarItem	{container=':_Toolbar_2' id='21041' type='ToolbarItem'}
:21094_ToolbarItem	{container=':_Toolbar_2' id='21094' type='ToolbarItem'}
:50005_ToolbarItem	{container=':_Toolbar' id='50005' type='ToolbarItem'}
:50006_ToolbarItem	{container=':_Toolbar_5' id='50006' type='ToolbarItem'}
:50010_ToolbarItem	{container=':_Toolbar' id='50010' type='ToolbarItem'}
:50016_ToolbarItem	{container=':_Toolbar' id='50016' type='ToolbarItem'}
:50017_ToolbarItem	{container=':_Toolbar' id='50017' type='ToolbarItem'}
:50028_ToolbarItem	{container=':_Toolbar_6' id='50028' type='ToolbarItem'}
:50033_ToolbarItem	{container=':_Toolbar' id='50033' type='ToolbarItem'}
:50033_ToolbarItem_2	{container=':_Toolbar_3' id='50033' type='ToolbarItem'}
:C_Drive (C:)_ListViewItem	{container=':Open_ListView' text='C_Drive (C:)' type='ListViewItem'}
:Desktop_ToolbarItem	{container=':Open_Toolbar' text='Desktop' type='ToolbarItem'}
:Draw_MenuItem	{container=':Untitled - SketchUp Pro_MenuBar' text='Draw' type='MenuItem'}
:Edges_ListViewItem	{container=':Model Info_ListView' text='Edges' type='ListViewItem'}
:Entity Info.Cast Shadows_CheckBox	{container=':Entity Info_Dialog' text='Cast Shadows' type='CheckBox'}
:Entity Info_Dialog	{text='Entity Info' type='Dialog'}
:Faces.22_ListViewItem	{container=':Faces_ListViewItem' text='22' type='ListViewItem'}
:Faces.43_ListViewItem	{container=':Faces_ListViewItem' text='43' type='ListViewItem'}
:Faces.65_ListViewItem	{container=':Faces_ListViewItem' text='65' type='ListViewItem'}
:Faces_ListViewItem	{container=':Model Info_ListView' text='Faces' type='ListViewItem'}
:File_MenuItem	{container=':Untitled - SketchUp Pro_MenuBar' text='File' type='MenuItem'}
:Groups.8_ListViewItem	{container=':Groups_ListViewItem' text='8' type='ListViewItem'}
:Groups_ListViewItem	{container=':Model Info_ListView' text='Groups' type='ListViewItem'}
:Import EnergyPlus Idf.Open_Button	{container=':Import EnergyPlus Idf_Dialog' text='Open' type='Button'}
:Import EnergyPlus Idf_ComboBox	{container=':Import EnergyPlus Idf_Dialog' occurrence='2' type='ComboBox'}
:Import EnergyPlus Idf_Dialog	{text='Import EnergyPlus Idf' type='Dialog'}
:Import EnergyPlus Idf_ListView	{container=':Import EnergyPlus Idf_Dialog' type='ListView'}
:Model Info_Dialog	{text='Model Info' type='Dialog'}
:Model Info_List	{container=':Model Info_Dialog' type='List'}
:Model Info_ListView	{container=':Model Info_Dialog' type='ListView'}
:My Computer_ListViewItem	{container=':Open_ListView' text='My Computer' type='ListViewItem'}
:My Computer_ToolbarItem	{container=':Open_Toolbar' text='My Computer' type='ToolbarItem'}
:Open.Cancel_Button	{container=':Open_Dialog' text='Cancel' type='Button'}
:Open.OK_Button	{container=':Open_Dialog' text='OK' type='Button'}
:Open.Open_Button	{container=':Open_Dialog' text='Open' type='Button'}
:OpenStudio SU Tools_Window	{text='OpenStudio SU Tools' type='Window'}
:OpenStudio Tools_Window	{text='OpenStudio Tools' type='Window'}
:OpenStudio:  Input File Errors And Warnings.OK_Button	{container=':OpenStudio:  Input File Errors And Warnings_Dialog' text='OK' type='Button'}
:OpenStudio:  Input File Errors And Warnings_Dialog	{text='OpenStudio:  Input File Errors And Warnings' type='Dialog'}
:OpenStudio:  Input File Errors And Warnings_Edit	{container=':OpenStudio:  Input File Errors And Warnings_Dialog' type='Edit'}
:OpenStudio_Squish SVN_ListViewItem	{container=':Open_ListView' text='OpenStudio_Squish SVN' type='ListViewItem'}
:OpenStudio_Squish_SVN_ListViewItem	{container=':Open_ListView' text='OpenStudio_Squish_SVN' type='ListViewItem'}
:Open_ComboBox	{container=':Open_Dialog' occurrence='2' type='ComboBox'}
:Open_Dialog	{text='Open' type='Dialog'}
:Open_Edit	{container=':Open_Dialog' type='Edit'}
:Open_ListView	{container=':Open_Dialog' type='ListView'}
:Open_Toolbar	{container=':Open_Dialog' occurrence='2' type='Toolbar'}
:Plugins.OpenStudio_MenuItem	{container=':Plugins_MenuItem' text='OpenStudio' type='MenuItem'}
:Plugins.OpenStudio_MenuItem_2	{container=':Plugins_MenuItem_2' text='OpenStudio' type='MenuItem'}
:Plugins_MenuItem	{container=':Untitled - SketchUp Pro_MenuBar' text='Plugins' type='MenuItem'}
:Plugins_MenuItem_2	{container=':four_scenes.skp - SketchUp Pro_MenuBar' text='Plugins' type='MenuItem'}
:Save OpenStudio Model.No_Button	{container=':Save OpenStudio Model_Dialog' text='No' type='Button'}
:Save OpenStudio Model.Yes_Button	{container=':Save OpenStudio Model_Dialog' text='Yes' type='Button'}
:Save OpenStudio Model_Dialog	{text='Save OpenStudio Model' type='Dialog'}
:SketchUp.C:/Documents and Settings/dgoldwas/My Documents/OpenStudio - Local Development Files/OpenStudio User Testing/Oscar Hernandez/temp.idf does not seem to be a valid EnergyPlus Idf, would you like to try importing as an OpenStudio Model instead?_Label	{container=':SketchUp_Dialog' text='C:/Documents and Settings/dgoldwas/My Documents/OpenStudio - Local Development Files/OpenStudio User Testing/Oscar Hernandez/temp.idf does not seem to be a valid EnergyPlus Idf, would you like to try importing as an OpenStudio Model instead?' type='Label'}
:SketchUp.File does not have a default construction set.	{container=':SketchUp_Dialog' text='File does not have a default construction set.\nDo you want to set this before drawing new geometry?' type='Label'}
:SketchUp.No_Button	{container=':SketchUp_Dialog' text='No' type='Button'}
:SketchUp.OK_Button	{container=':SketchUp_Dialog' text='OK' type='Button'}
:SketchUp.Yes_Button	{container=':SketchUp_Dialog' text='Yes' type='Button'}
:SketchUp_Dialog	{text='SketchUp' type='Dialog'}
:SquishTestingResources_ListViewItem	{container=':Open_ListView' text='SquishTestingResources' type='ListViewItem'}
:Tools_MenuItem	{container=':four_scenes.skp - SketchUp Pro_MenuBar' text='Tools' type='MenuItem'}
:Untitled - SketchUp Pro_MenuBar	{container=':Untitled - SketchUp Pro_Window' type='MenuBar'}
:Untitled - SketchUp Pro_Window	{text='Untitled - SketchUp Pro' type='Window'}
:Untitled - SketchUp Pro_WindowsControl	{class='AfxFrameOrView80u' container=':Untitled - SketchUp Pro_Window' type='WindowsControl'}
:Untitled - SketchUp Pro_WindowsControl_2	{class='AfxControlBar80u' container=':Untitled - SketchUp Pro_Window' type='WindowsControl'}
:Untitled - SketchUp Pro_WindowsControl_3	{class='AfxControlBar80u' container=':Untitled - SketchUp Pro_Window' occurrence='2' type='WindowsControl'}
:Window_MenuItem	{container=':four_scenes.skp - SketchUp Pro_MenuBar' text='Window' type='MenuItem'}
:Window_MenuItem_2	{container=':Untitled - SketchUp Pro_MenuBar' text='Window' type='MenuItem'}
:_ComboBox	{leftObject=':Model Info_List' type='ComboBox'}
:_Edit	{type='Edit'}
:_Toolbar	{container=':Untitled - SketchUp Pro_WindowsControl_2' occurrence='2' type='Toolbar'}
:_Toolbar_2	{container=':Untitled - SketchUp Pro_WindowsControl_3' type='Toolbar'}
:_Toolbar_3	{container=':four_scenes.skp - SketchUp Pro_WindowsControl_2' occurrence='2' type='Toolbar'}
:_Toolbar_4	{container=':four_scenes.skp - SketchUp Pro_WindowsControl_3' type='Toolbar'}
:_Toolbar_5	{container=':Untitled - SketchUp Pro_WindowsControl_2' type='Toolbar'}
:_Toolbar_6	{container=':four_scenes.skp - SketchUp Pro_WindowsControl_2' occurrence='3' type='Toolbar'}
:four_scenes.skp - SketchUp Pro_MenuBar	{container=':four_scenes.skp - SketchUp Pro_Window' type='MenuBar'}
:four_scenes.skp - SketchUp Pro_Window	{text='four_scenes.skp - SketchUp Pro' type='Window'}
:four_scenes.skp - SketchUp Pro_WindowsControl	{class='AfxFrameOrView80u' container=':four_scenes.skp - SketchUp Pro_Window' type='WindowsControl'}
:four_scenes.skp - SketchUp Pro_WindowsControl_2	{class='AfxControlBar80u' container=':four_scenes.skp - SketchUp Pro_Window' type='WindowsControl'}
:four_scenes.skp - SketchUp Pro_WindowsControl_3	{class='AfxControlBar80u' container=':four_scenes.skp - SketchUp Pro_Window' occurrence='2' type='WindowsControl'}
:squish_ListViewItem	{container=':Open_ListView' text='squish' type='ListViewItem'}
