:MainSplitter.qt_tabwidget_stackedwidget_QStackedWidget	{container=':Results Viewer.MainSplitter_QSplitter' name='qt_tabwidget_stackedwidget' occurrence='2' type='QStackedWidget' visible='1'}
:MainSplitter.qt_tabwidget_stackedwidget_QStackedWidget_2	{container=':Results Viewer.MainSplitter_QSplitter' name='qt_tabwidget_stackedwidget' type='QStackedWidget' visible='1'}
:MainSplitter.qt_tabwidget_tabbar_QTabBar	{container=':Results Viewer.MainSplitter_QSplitter' name='qt_tabwidget_tabbar' type='QTabBar' visible='1'}
:Open SQLite Database.Open_QPushButton	{text='Open' type='QPushButton' unnamed='1' visible='1' window=':Open SQLite Database_QFileDialog'}
:Open SQLite Database.splitter_QSplitter	{name='splitter' type='QSplitter' visible='1' window=':Open SQLite Database_QFileDialog'}
:Open SQLite Database_QFileDialog	{name='QFileDialog' type='QFileDialog' visible='1' windowTitle='Open SQLite Database'}
:Plot 0.qt_spinbox_lineedit_QLineEdit	{container=':qt_tabwidget_stackedwidget.Plot 0_resultsviewer::PlotView' name='qt_spinbox_lineedit' occurrence='2' type='QLineEdit' visible='1'}
:Plot 0_QDoubleSpinBox	{container=':qt_tabwidget_stackedwidget.Plot 0_resultsviewer::PlotView' occurrence='2' type='QDoubleSpinBox' unnamed='1' visible='1'}
:Results Viewer.File_QMenu	{name='menuFile' title='File' type='QMenu' visible='1' window=':Results Viewer_resultsviewer::MainWindow'}
:Results Viewer.MainSplitter_QSplitter	{name='MainSplitter' type='QSplitter' visible='1' window=':Results Viewer_resultsviewer::MainWindow'}
:Results Viewer.Select File_QComboBox	{leftWidget=':Results Viewer.Select File_QLabel' type='QComboBox' unnamed='1' visible='1' window=':Results Viewer_resultsviewer::MainWindow'}
:Results Viewer.Select File_QLabel	{text='Select File' type='QLabel' unnamed='1' visible='1' window=':Results Viewer_resultsviewer::MainWindow'}
:Results Viewer.Table Context Menu_QMenu	{title='Table Context Menu' type='QMenu' unnamed='1' visible='1' window=':Results Viewer_resultsviewer::MainWindow'}
:Results Viewer.Tree Context Menu_QMenu	{title='Tree Context Menu' type='QMenu' unnamed='1' visible='1' window=':Results Viewer_resultsviewer::MainWindow'}
:Results Viewer.menuBar_QMenuBar	{name='menuBar' type='QMenuBar' visible='1' window=':Results Viewer_resultsviewer::MainWindow'}
:Results Viewer_resultsviewer::MainWindow	{name='MainWindowClass' type='resultsviewer::MainWindow' visible='1' windowTitle='Results Viewer'}
:Select File.suite_ResultsViewer_Sanity_QModelIndex	{container=':Results Viewer.Select File_QComboBox' text='suite_ResultsViewer_Sanity' type='QModelIndex'}
:frame.stackedWidget_QStackedWidget	{container=':splitter.frame_QFrame' name='stackedWidget' type='QStackedWidget' visible='1'}
:qt_tabwidget_stackedwidget.Plot 0_resultsviewer::PlotView	{container=':MainSplitter.qt_tabwidget_stackedwidget_QStackedWidget_2' type='resultsviewer::PlotView' unnamed='1' visible='1' windowTitle='Plot 0'}
:qt_tabwidget_stackedwidget_resultsviewer::TableView	{container=':MainSplitter.qt_tabwidget_stackedwidget_QStackedWidget' type='resultsviewer::TableView' unnamed='1' visible='1'}
:qt_tabwidget_stackedwidget_resultsviewer::TreeView	{container=':MainSplitter.qt_tabwidget_stackedwidget_QStackedWidget' type='resultsviewer::TreeView' unnamed='1' visible='1'}
:splitter.frame_QFrame	{container=':Open SQLite Database.splitter_QSplitter' name='frame' type='QFrame' visible='1'}
:splitter.sidebar_QSidebar	{container=':Open SQLite Database.splitter_QSplitter' name='sidebar' type='QSidebar' visible='1'}
:stackedWidget.listView_QListView	{container=':frame.stackedWidget_QStackedWidget' name='listView' type='QListView' visible='1'}
