:Add Jobs To Queue?.OK_QPushButton	{text='OK' type='QPushButton' unnamed='1' visible='1' window=':Add Jobs To Queue?_QMessageBox'}
:Add Jobs To Queue?_QMessageBox	{type='QMessageBox' unnamed='1' visible='1' windowTitle='Add Jobs To Queue?'}
:Dialog.OK_QPushButton	{text='OK' type='QPushButton' unnamed='1' visible='1' window=':Dialog_openstudio::runmanager::JobErrorsDisplay'}
:Dialog_openstudio::runmanager::JobErrorsDisplay	{name='JobErrorsDisplay' type='openstudio::runmanager::JobErrorsDisplay' visible='1' windowTitle='Dialog'}
:No EPW Selected.OK_QPushButton	{text='OK' type='QPushButton' unnamed='1' visible='1' window=':No EPW Selected_QMessageBox'}
:No EPW Selected_QMessageBox	{type='QMessageBox' unnamed='1' visible='1' windowTitle='No EPW Selected'}
:Restore Defaults.OK_QPushButton	{text='OK' type='QPushButton' unnamed='1' visible='1' window=':Restore Defaults_QMessageBox'}
:Restore Defaults_QMessageBox	{type='QMessageBox' unnamed='1' visible='1' windowTitle='Restore Defaults'}
:Run Manager Preferences.OK_QPushButton	{text='OK' type='QPushButton' unnamed='1' visible='1' window=':Run Manager Preferences_openstudio::runmanager::Configuration'}
:Run Manager Preferences.qt_tabwidget_stackedwidget_QStackedWidget	{name='qt_tabwidget_stackedwidget' type='QStackedWidget' visible='1' window=':Run Manager Preferences_openstudio::runmanager::Configuration'}
:Run Manager Preferences_openstudio::runmanager::Configuration	{name='Configuration' type='openstudio::runmanager::Configuration' visible='1' windowTitle='Run Manager Preferences'}
:Run Manager.File_QMenu	{name='menuProject' title='File' type='QMenu' visible='1' window=':Run Manager_openstudio::runmanager::MainWindow'}
:Run Manager.Pause_QToolButton	{text='Pause' type='QToolButton' unnamed='1' visible='1' window=':Run Manager_openstudio::runmanager::MainWindow'}
:Run Manager.Settings_QMenu	{name='menuSettings' title='Settings' type='QMenu' visible='1' window=':Run Manager_openstudio::runmanager::MainWindow'}
:Run Manager.menubar_QMenuBar	{name='menubar' type='QMenuBar' visible='1' window=':Run Manager_openstudio::runmanager::MainWindow'}
:Run Manager.qt_tabwidget_stackedwidget_QStackedWidget	{name='qt_tabwidget_stackedwidget' type='QStackedWidget' visible='1' window=':Run Manager_openstudio::runmanager::MainWindow'}
:Run Manager.qt_tabwidget_tabbar_QTabBar	{name='qt_tabwidget_tabbar' type='QTabBar' visible='1' window=':Run Manager_openstudio::runmanager::MainWindow'}
:Run Manager.qt_tabwidget_tabbar_QTabBar_2	{name='qt_tabwidget_tabbar' occurrence='2' type='QTabBar' visible='1' window=':Run Manager_openstudio::runmanager::MainWindow'}
:Run Manager_QMenu	{type='QMenu' unnamed='1' visible='1' window=':Run Manager_openstudio::runmanager::MainWindow'}
:Run Manager_openstudio::runmanager::MainWindow	{name='MainWindow' type='openstudio::runmanager::MainWindow' visible='1' windowTitle='Run Manager'}
:Settings File.Restore Defaults_QPushButton	{text='Restore Defaults' type='QPushButton' unnamed='1' visible='1' window=':Settings File_QMessageBox'}
:Settings File_QMessageBox	{type='QMessageBox' unnamed='1' visible='1' windowTitle='Settings File'}
:completedTreeView.EnergyPlus (5ZoneAirCooled.idf)_QModelIndex	{column='0' container=':tab_2.completedTreeView_QTreeView' text='EnergyPlus (5ZoneAirCooled.idf)' type='QModelIndex'}
:completedTreeView.Finished_QModelIndex	{column='5' container=':tab_2.completedTreeView_QTreeView' text='Finished' type='QModelIndex'}
:listFiles.1ZoneEvapCooler.idf_QModelIndex	{column='0' container=':tab.listFiles_QTreeView' text='1ZoneEvapCooler.idf' type='QModelIndex'}
:listFiles.1ZoneParameterAspect.idf_QModelIndex	{column='0' container=':tab.listFiles_QTreeView' text='1ZoneParameterAspect.idf' type='QModelIndex'}
:listFiles.1ZoneUncontrolled.idf_QModelIndex	{column='0' container=':tab.listFiles_QTreeView' text='1ZoneUncontrolled.idf' type='QModelIndex'}
:listFiles.1ZoneUncontrolledCondFDWithVariableKat24C.idf_QModelIndex	{column='0' container=':tab.listFiles_QTreeView' text='1ZoneUncontrolledCondFDWithVariableKat24C.idf' type='QModelIndex'}
:qt_tabwidget_stackedwidget.tab_2_QWidget	{container=':Run Manager.qt_tabwidget_stackedwidget_QStackedWidget' name='tab_2' type='QWidget' visible='1'}
:qt_tabwidget_stackedwidget.tab_2_QWidget_2	{container=':tab_3.qt_tabwidget_stackedwidget_QStackedWidget' name='tab_2' type='QWidget' visible='1'}
:qt_tabwidget_stackedwidget.tab_3_QWidget	{container=':Run Manager.qt_tabwidget_stackedwidget_QStackedWidget' name='tab_3' type='QWidget' visible='1'}
:qt_tabwidget_stackedwidget.tab_QWidget	{container=':Run Manager.qt_tabwidget_stackedwidget_QStackedWidget' name='tab' type='QWidget' visible='1'}
:qt_tabwidget_stackedwidget.tab_QWidget_2	{container=':Run Manager Preferences.qt_tabwidget_stackedwidget_QStackedWidget' name='tab' type='QWidget' visible='1'}
:tab.Add to Queue_QPushButton	{container=':qt_tabwidget_stackedwidget.tab_QWidget' name='btnEnqueue' text='Add to Queue' type='QPushButton' visible='1'}
:tab.In Place_QCheckBox	{container=':qt_tabwidget_stackedwidget.tab_QWidget_2' name='cbOutputInPlace' text='In Place' type='QCheckBox' visible='1'}
:tab.epwLocationTxt_QLineEdit	{container=':qt_tabwidget_stackedwidget.tab_QWidget_2' name='epwLocationTxt' type='QLineEdit' visible='1'}
:tab.idfLocationTxt_QLineEdit	{container=':qt_tabwidget_stackedwidget.tab_QWidget_2' name='idfLocationTxt' type='QLineEdit' visible='1'}
:tab.listFiles_QTreeView	{container=':qt_tabwidget_stackedwidget.tab_QWidget' name='listFiles' type='QTreeView' visible='1'}
:tab_2.completedTreeView_QTreeView	{container=':qt_tabwidget_stackedwidget.tab_2_QWidget' name='completedTreeView' type='QTreeView' visible='1'}
:tab_2.treeView_QTreeView	{container=':qt_tabwidget_stackedwidget.tab_2_QWidget' name='treeView' type='QTreeView' visible='1'}
:tab_2.txtStandardOut_QPlainTextEdit	{container=':qt_tabwidget_stackedwidget.tab_2_QWidget_2' name='txtStandardOut' type='QPlainTextEdit' visible='1'}
:tab_3.qt_tabwidget_stackedwidget_QStackedWidget	{container=':qt_tabwidget_stackedwidget.tab_3_QWidget' name='qt_tabwidget_stackedwidget' type='QStackedWidget' visible='1'}
:tab_3.treeJobs_QTreeView	{container=':qt_tabwidget_stackedwidget.tab_3_QWidget' name='treeJobs' type='QTreeView' visible='1'}
:tab_3.treeView_QTreeView	{container=':qt_tabwidget_stackedwidget.tab_3_QWidget' name='treeView' type='QTreeView' visible='1'}
:treeView.EnergyPlus (1ZoneEvapCooler.idf)_QModelIndex	{column='0' container=':tab_2.treeView_QTreeView' text='EnergyPlus (1ZoneEvapCooler.idf)' type='QModelIndex'}
:treeView.EnergyPlus (1ZoneParameterAspect.idf)_QModelIndex	{column='0' container=':tab_2.treeView_QTreeView' text='EnergyPlus (1ZoneParameterAspect.idf)' type='QModelIndex'}
:treeView.EnergyPlus (1ZoneUncontrolled.idf)_QModelIndex	{column='0' container=':tab_2.treeView_QTreeView' text='EnergyPlus (1ZoneUncontrolled.idf)' type='QModelIndex'}
:treeView.EnergyPlus (1ZoneUncontrolledCondFDWithVariableKat24C.idf)_QModelIndex	{column='0' container=':tab_2.treeView_QTreeView' text='EnergyPlus (1ZoneUncontrolledCondFDWithVariableKat24C.idf)' type='QModelIndex'}
:treeView.EnergyPlus (1ZoneUncontrolled_DDChanges.idf)_QModelIndex	{column='0' container=':tab_2.treeView_QTreeView' text='EnergyPlus (1ZoneUncontrolled_DDChanges.idf)' type='QModelIndex'}
:treeView.EnergyPlus (1ZoneUncontrolled_FCfactor_Slab_UGWall.idf)_QModelIndex	{column='0' container=':tab_2.treeView_QTreeView' text='EnergyPlus (1ZoneUncontrolled_FCfactor_Slab_UGWall.idf)' type='QModelIndex'}
:treeView.EnergyPlus (1ZoneUncontrolled_win_1.idf)_QModelIndex	{column='0' container=':tab_2.treeView_QTreeView' text='EnergyPlus (1ZoneUncontrolled_win_1.idf)' type='QModelIndex'}
:treeView.EnergyPlus (1ZoneUncontrolled_win_2.idf)_QModelIndex	{column='0' container=':tab_2.treeView_QTreeView' text='EnergyPlus (1ZoneUncontrolled_win_2.idf)' type='QModelIndex'}
:treeView.EnergyPlus (4ZoneWithShading_Simple_1.idf)_QModelIndex	{column='0' container=':tab_2.treeView_QTreeView' text='EnergyPlus (4ZoneWithShading_Simple_1.idf)' type='QModelIndex'}
:treeView.EnergyPlus (4ZoneWithShading_Simple_2.idf)_QModelIndex	{column='0' container=':tab_2.treeView_QTreeView' text='EnergyPlus (4ZoneWithShading_Simple_2.idf)' type='QModelIndex'}
:treeView.EnergyPlus (5ZoneAirCooled.idf)_QModelIndex	{column='0' container=':tab_2.treeView_QTreeView' text='EnergyPlus (5ZoneAirCooled.idf)' type='QModelIndex'}
:txtStandardOut_QScrollBar	{container=':tab_2.txtStandardOut_QPlainTextEdit' type='QScrollBar' unnamed='1' visible='1'}
