:10509_ToolbarItem	{container=':_Toolbar_2' id='10509' type='ToolbarItem'}
:10527_ToolbarItem	{container=':_Toolbar_2' id='10527' type='ToolbarItem'}
:21022_ToolbarItem	{container=':_Toolbar_4' id='21022' type='ToolbarItem'}
:21022_ToolbarItem_2	{container=':_Toolbar_2' id='21022' type='ToolbarItem'}
:21048_ToolbarItem	{container=':_Toolbar_2' id='21048' type='ToolbarItem'}
:21048_ToolbarItem_2	{container=':_Toolbar_4' id='21048' type='ToolbarItem'}
:21094_ToolbarItem	{container=':_Toolbar_2' id='21094' type='ToolbarItem'}
:21129_ToolbarItem	{container=':_Toolbar_2' id='21129' type='ToolbarItem'}
:21525_ToolbarItem	{container=':_Toolbar_2' id='21525' type='ToolbarItem'}
:21940_ToolbarItem	{container=':_Toolbar_4' id='21940' type='ToolbarItem'}
:40961_ToolbarItem	{container=':Open OpenStudio Model File_Toolbar' id='40961' type='ToolbarItem'}
:50007_ToolbarItem	{container=':_Toolbar' id='50007' type='ToolbarItem'}
:50008_ToolbarItem	{container=':_Toolbar' id='50008' type='ToolbarItem'}
:50009_ToolbarItem	{container=':_Toolbar' id='50009' type='ToolbarItem'}
:50011_ToolbarItem	{container=':_Toolbar' id='50011' type='ToolbarItem'}
:50018_ToolbarItem	{container=':_Toolbar' id='50018' type='ToolbarItem'}
:50019_ToolbarItem	{container=':_Toolbar' id='50019' type='ToolbarItem'}
:50020_ToolbarItem	{container=':_Toolbar' id='50020' type='ToolbarItem'}
:50021_ToolbarItem	{container=':_Toolbar' id='50021' type='ToolbarItem'}
:50022_ToolbarItem	{container=':_Toolbar' id='50022' type='ToolbarItem'}
:50025_ToolbarItem	{container=':_Toolbar' id='50025' type='ToolbarItem'}
:50025_ToolbarItem_2	{container=':_Toolbar_3' id='50025' type='ToolbarItem'}
:50033_ToolbarItem	{container=':_Toolbar' id='50033' type='ToolbarItem'}
:50036_ToolbarItem	{container=':_Toolbar' id='50036' type='ToolbarItem'}
:50042_ToolbarItem	{container=':_Toolbar' id='50042' type='ToolbarItem'}
:50043_ToolbarItem	{container=':_Toolbar' id='50043' type='ToolbarItem'}
:5x5grid.skp - SketchUp Pro_MenuBar	{container=':5x5grid.skp - SketchUp Pro_Window' type='MenuBar'}
:5x5grid.skp - SketchUp Pro_Window	{text='5x5grid.skp - SketchUp Pro' type='Window'}
:5x5grid.skp - SketchUp Pro_WindowsControl	{class='AfxFrameOrView80u' container=':5x5grid.skp - SketchUp Pro_Window' type='WindowsControl'}
:5x5grid.skp - SketchUp Pro_WindowsControl_2	{class='AfxControlBar80u' container=':5x5grid.skp - SketchUp Pro_Window' type='WindowsControl'}
:5x5grid.skp - SketchUp Pro_WindowsControl_3	{class='AfxControlBar80u' container=':5x5grid.skp - SketchUp Pro_Window' occurrence='2' type='WindowsControl'}
:Area: _Edit	{leftObject={container={text='Entity Info' type='Dialog'} text='Area: ' type='Label'} type='Edit'}
:Edit.Component (1 in model)_MenuItem	{container=':Edit_MenuItem' text='Component (1 in model)' type='MenuItem'}
:Edit.Component (1 in model)_MenuItem_2	{container=':Edit_MenuItem_2' text='Component (1 in model)' type='MenuItem'}
:Edit_MenuItem	{container=':Untitled - SketchUp Pro_MenuBar' text='Edit' type='MenuItem'}
:Edit_MenuItem_2	{container=':5x5grid.skp - SketchUp Pro_MenuBar' text='Edit' type='MenuItem'}
:EnergyPlus-0_ListViewItem	{container=':Locate Output File_ListView' text='EnergyPlus-0' type='ListViewItem'}
:Entity Info_MenuItem	{container=':_ContextMenu' text='Entity Info' type='MenuItem'}
:ExpandObjects-0_ListViewItem	{container=':Locate Output File_ListView' text='ExpandObjects-0' type='ListViewItem'}
:Export 2D Graphic.No_Button	{container=':Export 2D Graphic_Dialog' text='No' type='Button'}
:Export 2D Graphic.Yes_Button	{container=':Export 2D Graphic_Dialog' text='Yes' type='Button'}
:Export 2D Graphic_ComboBox	{container=':Export 2D Graphic_Dialog' occurrence='2' type='ComboBox'}
:Export 2D Graphic_Dialog	{text='Export 2D Graphic' type='Dialog'}
:Export 2D Graphic_Edit	{container=':Export 2D Graphic_Dialog' type='Edit'}
:File.Export_MenuItem	{container=':File_MenuItem' text='Export' type='MenuItem'}
:File_MenuItem	{container=':Untitled - SketchUp Pro_MenuBar' text='File' type='MenuItem'}
:Locate Output File.Open_Button	{container=':Locate Output File_Dialog' text='Open' type='Button'}
:Locate Output File_Dialog	{text='Locate Output File' type='Dialog'}
:Locate Output File_ListView	{container=':Locate Output File_Dialog' type='ListView'}
:ModelToIdf_ListViewItem	{container=':Locate Output File_ListView' text='ModelToIdf' type='ListViewItem'}
:OSSP_XP_sanity-exports_ListViewItem	{container=':Open OpenStudio Model File_ListView' text='OSSP_XP_sanity-exports' type='ListViewItem'}
:Object Info_Dialog	{text='Object Info' type='Dialog'}
:Object Info_WindowsControl	{class='Shell DocObject View' container=':Object Info_Dialog' type='WindowsControl'}
:Object Info_WindowsControl_2	{class='Internet Explorer_Server' container=':Object Info_Dialog' type='WindowsControl'}
:Open OpenStudio Model File.Open_Button	{container=':Open OpenStudio Model File_Dialog' text='Open' type='Button'}
:Open OpenStudio Model File_Dialog	{text='Open OpenStudio Model File' type='Dialog'}
:Open OpenStudio Model File_Edit	{container=':Open OpenStudio Model File_Dialog' type='Edit'}
:Open OpenStudio Model File_ListView	{container=':Open OpenStudio Model File_Dialog' type='ListView'}
:Open OpenStudio Model File_Toolbar	{container=':Open OpenStudio Model File_Dialog' type='Toolbar'}
:Open SQLite Database.Cancel_Button	{container=':Open SQLite Database_Dialog' text='Cancel' type='Button'}
:Open SQLite Database_Dialog	{text='Open SQLite Database' type='Dialog'}
:Open_Dialog	{text='Open' type='Dialog'}
:Open_Edit	{container=':Open_Dialog' type='Edit'}
:Place 3D Text.Place_Button	{container=':Place 3D Text_Dialog' text='Place' type='Button'}
:Place 3D Text_Dialog	{text='Place 3D Text' type='Dialog'}
:Place 3D Text_Edit	{container=':Place 3D Text_Dialog' type='Edit'}
:Plugins.OpenStudio_MenuItem	{container=':Plugins_MenuItem' text='OpenStudio' type='MenuItem'}
:Plugins.OpenStudio_MenuItem_2	{container=':Plugins_MenuItem_2' text='OpenStudio' type='MenuItem'}
:Plugins_MenuItem	{container=':Untitled - SketchUp Pro_MenuBar' text='Plugins' type='MenuItem'}
:Plugins_MenuItem_2	{container=':5x5grid.skp - SketchUp Pro_MenuBar' text='Plugins' type='MenuItem'}
:Rendering Settings_Dialog	{text='Rendering Settings' type='Dialog'}
:Rendering Settings_WindowsControl	{class='Internet Explorer_Server' container=':Rendering Settings_Dialog' type='WindowsControl'}
:Results Viewer_Window	{text='Results Viewer' type='Window'}
:Run Simulation_Dialog	{text='Run Simulation' type='Dialog'}
:Run Simulation_WindowsControl	{class='Internet Explorer_Server' container=':Run Simulation_Dialog' type='WindowsControl'}
:Save OpenStudio Model.Cancel_Button	{container=':Save OpenStudio Model_Dialog' text='Cancel' type='Button'}
:Save OpenStudio Model.No_Button	{container=':Save OpenStudio Model_Dialog' text='No' type='Button'}
:Save OpenStudio Model.Save_Button	{container=':Save OpenStudio Model_Dialog' text='Save' type='Button'}
:Save OpenStudio Model.Yes_Button	{container=':Save OpenStudio Model_Dialog' text='Yes' type='Button'}
:Save OpenStudio Model_ComboBox	{container=':Save OpenStudio Model_Dialog' occurrence='2' type='ComboBox'}
:Save OpenStudio Model_Dialog	{text='Save OpenStudio Model' type='Dialog'}
:Save OpenStudio Model_Edit	{container=':Save OpenStudio Model_Dialog' type='Edit'}
:Simulation Status_Window	{text='Simulation Status' type='Window'}
:SketchUp.No_Button	{container=':SketchUp_Dialog' text='No' type='Button'}
:SketchUp.OK_Button	{container=':SketchUp_Dialog' text='OK' type='Button'}
:SketchUp.Yes_Button	{container=':SketchUp_Dialog' text='Yes' type='Button'}
:SketchUp_Dialog	{text='SketchUp' type='Dialog'}
:SquishTestingExports_ListViewItem	{container=':Open OpenStudio Model File_ListView' text='SquishTestingExports' type='ListViewItem'}
:Untitled - SketchUp Pro_MenuBar	{container=':Untitled - SketchUp Pro_Window' type='MenuBar'}
:Untitled - SketchUp Pro_Window	{text='Untitled - SketchUp Pro' type='Window'}
:Untitled - SketchUp Pro_WindowsControl	{class='AfxFrameOrView80u' container=':Untitled - SketchUp Pro_Window' type='WindowsControl'}
:Untitled - SketchUp Pro_WindowsControl_2	{class='AfxControlBar80u' container=':Untitled - SketchUp Pro_Window' type='WindowsControl'}
:Untitled - SketchUp Pro_WindowsControl_3	{class='AfxControlBar80u' container=':Untitled - SketchUp Pro_Window' occurrence='2' type='WindowsControl'}
:_ContextMenu	{type='ContextMenu'}
:_Toolbar	{container=':Untitled - SketchUp Pro_WindowsControl_2' occurrence='2' type='Toolbar'}
:_Toolbar_2	{container=':Untitled - SketchUp Pro_WindowsControl_3' type='Toolbar'}
:_Toolbar_3	{container=':5x5grid.skp - SketchUp Pro_WindowsControl_2' occurrence='2' type='Toolbar'}
:_Toolbar_4	{container=':5x5grid.skp - SketchUp Pro_WindowsControl_3' type='Toolbar'}
:_WindowsControl	{class='QPopup' type='WindowsControl'}
:newname_ListViewItem	{container=':Locate Output File_ListView' text='newname' type='ListViewItem'}
